[02Sep2026 14:53:32.404] [main/INFO] [net.neoforged.fml.startup.Entrypoint/]: JVM Uptime at startup: 630ms
[02Sep2026 14:53:32.431] [main/INFO] [net.neoforged.fml.loading.FMLLoader/]: Starting FancyModLoader version 11.0.13 (CLIENT in DEV)
[02Sep2026 14:53:32.431] [main/INFO] [net.neoforged.fml.loading.FMLLoader/]: Game directory: G:\FinalWorkspace\MCreatorWorkspaces\the_middle_ages\run
[02Sep2026 14:53:32.513] [main/INFO] [net.neoforged.fml.loading.EarlyServiceDiscovery/]: Found 2 early service jars (out of 107) in 34ms
[02Sep2026 14:53:32.514] [main/INFO] [net.neoforged.fml.loading.FMLLoader/]: Loading FML Early Services:
[02Sep2026 14:53:32.515] [main/INFO] [net.neoforged.fml.loading.FMLLoader/]:  - C:/Users/Greenboy's PC/.mcreator/gradle/caches/modules-2/files-2.1/net.neoforged.fancymodloader/loader/11.0.13/c9c89eaf35535990110088224d188748d81eaecf/loader-11.0.13.jar
[02Sep2026 14:53:32.515] [main/INFO] [net.neoforged.fml.loading.FMLLoader/]:  - C:/Users/Greenboy's PC/.mcreator/gradle/caches/modules-2/files-2.1/net.neoforged.fancymodloader/earlydisplay/11.0.13/491a1bedecb33802fa118cae384b60f91f6f0241/earlydisplay-11.0.13.jar
[02Sep2026 14:53:32.521] [main/INFO] [net.neoforged.fml.loading.ImmediateWindowHandler/]: Loading ImmediateWindowProvider fmlearlywindow
[02Sep2026 14:53:33.334] [ForkJoinPool.commonPool-worker-6/INFO] [net.neoforged.fml.loading.moddiscovery.locators.GameLocator/]: Detected a joined NeoForge and Minecraft configuration. Applying filtering...
[02Sep2026 14:53:33.575] [fml-loadingscreen/INFO] [net.neoforged.fml.earlydisplay.render.LoadingScreenRenderer/]: GL info: AMD Radeon Pro WX 3100 GL version 3.3.0 Core Profile Context 26.5.2.260413, ATI Technologies Inc.
[02Sep2026 14:53:33.586] [ForkJoinPool.commonPool-worker-6/INFO] [net.neoforged.fml.loading.moddiscovery.locators.InDevFolderLocator/CORE]: Got mod coordinates mcreator%%G:\FinalWorkspace\MCreatorWorkspaces\the_middle_ages\build\classes\java\main;mcreator%%G:\FinalWorkspace\MCreatorWorkspaces\the_middle_ages\build\resources\main from env
[02Sep2026 14:53:33.836] [ForkJoinPool.commonPool-worker-6/INFO] [net.neoforged.fml.loading.moddiscovery.locators.JarInJarDependencyLocator/]: Found 2 dependencies adding them to mods collection
[02Sep2026 14:53:33.841] [ForkJoinPool.commonPool-worker-6/INFO] [net.neoforged.fml.loading.moddiscovery.ModDiscoverer/]: 
     Mod List:
		Name Version (Mod Id)

		Minecraft 26.1.2 (minecraft)
		NeoForge 26.1.2.71 (neoforge)
		The Middle Ages 2.1.6-hotfix (the_middle_ages)
[02Sep2026 14:53:34.245] [main/INFO] [mixin/]: SpongePowered MIXIN Subsystem Version=0.8.7 Source=file:/C:/Users/Greenboy's%20PC/.mcreator/gradle/caches/modules-2/files-2.1/net.fabricmc/sponge-mixin/0.17.3+mixin.0.8.7/41c4a3984a80f4679e759fb9f495587acc5cdac7/sponge-mixin-0.17.3+mixin.0.8.7.jar Service=FML Env=CLIENT
[02Sep2026 14:53:34.292] [main/INFO] [net.neoforged.fml.loading.FMLLoader/]: Loading FML Plugins:
[02Sep2026 14:53:34.294] [main/INFO] [net.neoforged.fml.loading.FMLLoader/]:  - C:/Users/Greenboy's PC/.mcreator/gradle/caches/modules-2/files-2.1/net.neoforged/neoforge/26.1.2.71/2fb61eae2ea7b55fe17d0dba69cab130beb0a054/neoforge-26.1.2.71-universal.jar > net.neoforged.neoforge-coremods-26.1.2.71.jar
[02Sep2026 14:53:34.472] [main/INFO] [net.neoforged.fml.loading.FMLLoader/]: Building game content classloader:
 - minecraft (composite(filtered(jar(G:/FinalWorkspace/MCreatorWorkspaces/the_middle_ages/build/moddev/artifacts/minecraft-patched-26.1.2.71.jar)), filtered(jar(G:/FinalWorkspace/MCreatorWorkspaces/the_middle_ages/build/moddev/artifacts/minecraft-patched-26.1.2.71.jar))))
 - mixinextras.neoforge (jar(C:/Users/Greenboy's PC/.mcreator/gradle/caches/modules-2/files-2.1/net.neoforged/neoforge/26.1.2.71/2fb61eae2ea7b55fe17d0dba69cab130beb0a054/neoforge-26.1.2.71-universal.jar > mixinextras-neoforge-0.5.4.jar))
 - neoforge (composite(filtered(jar(C:/Users/Greenboy's PC/.mcreator/gradle/caches/modules-2/files-2.1/net.neoforged/neoforge/26.1.2.71/2fb61eae2ea7b55fe17d0dba69cab130beb0a054/neoforge-26.1.2.71-universal.jar))))
 - net.neoforged.fml.generated (empty(VirtualJar/net.neoforged.fml.generated))
 - the_middle_ages (composite(folder(G:/FinalWorkspace/MCreatorWorkspaces/the_middle_ages/build/classes/java/main), folder(G:/FinalWorkspace/MCreatorWorkspaces/the_middle_ages/build/resources/main)))
[02Sep2026 14:53:34.493] [main/INFO] [net.neoforged.fml.loading.FMLLoader/]: Built game content classloader in 40ms
[02Sep2026 14:53:36.822] [Datafixer Bootstrap/INFO] [com.mojang.datafixers.DataFixerBuilder/]: 294 Datafixer optimizations took 665 milliseconds
[02Sep2026 14:53:36.884] [main/WARN] [oshi.driver.windows.perfmon.PerfmonDisabled/]: Invalid registry value type detected for PerfOS counters. Should be REG_DWORD. Ignoring: HKEY_LOCAL_MACHINE\SYSTEM\CurrentControlSet\Services\PerfOS\Performance\Disable Performance Counters.
[02Sep2026 14:53:36.931] [pool-8-thread-1/INFO] [MixinExtras|Service/]: Initializing MixinExtras via com.llamalad7.mixinextras.service.MixinExtrasServiceImpl(version=0.5.4).
[02Sep2026 14:53:43.716] [main/WARN] [net.minecraft.commands.Commands/]: Ambiguity between arguments [teleport, location] and [teleport, destination] with inputs: [0.1 -0.5 .9, 0 0 0]
[02Sep2026 14:53:43.718] [main/WARN] [net.minecraft.commands.Commands/]: Ambiguity between arguments [teleport, location] and [teleport, targets] with inputs: [0.1 -0.5 .9, 0 0 0]
[02Sep2026 14:53:43.722] [main/WARN] [net.minecraft.commands.Commands/]: Ambiguity between arguments [teleport, destination] and [teleport, targets] with inputs: [Player, 0123, @e, dd12be42-52a9-4a91-a8a1-11c01849e498]
[02Sep2026 14:53:43.724] [main/WARN] [net.minecraft.commands.Commands/]: Ambiguity between arguments [teleport, targets] and [teleport, destination] with inputs: [Player, 0123, dd12be42-52a9-4a91-a8a1-11c01849e498]
[02Sep2026 14:53:43.727] [main/WARN] [net.minecraft.commands.Commands/]: Ambiguity between arguments [teleport, targets, location] and [teleport, targets, destination] with inputs: [0.1 -0.5 .9, 0 0 0]
[02Sep2026 14:53:43.731] [main/WARN] [net.minecraft.commands.Commands/]: Ambiguity between arguments [time, set, time] and [time, set, timemarker] with inputs: [0, 0s, 0d, 0t]
[02Sep2026 14:53:43.734] [main/WARN] [net.minecraft.commands.Commands/]: Ambiguity between arguments [time, set, timemarker] and [time, set, time] with inputs: [012]
[02Sep2026 14:53:43.739] [main/WARN] [net.minecraft.commands.Commands/]: Ambiguity between arguments [time, of, clock, set, time] and [time, of, clock, set, timemarker] with inputs: [0, 0s, 0d, 0t]
[02Sep2026 14:53:43.742] [main/WARN] [net.minecraft.commands.Commands/]: Ambiguity between arguments [time, of, clock, set, timemarker] and [time, of, clock, set, time] with inputs: [012]
[02Sep2026 14:53:43.744] [main/WARN] [net.minecraft.commands.Commands/]: Ambiguity between arguments [waypoint, modify, waypoint, color, reset] and [waypoint, modify, waypoint, color, color] with inputs: [reset]
[02Sep2026 14:53:43.837] [modloading-worker-0/INFO] [net.neoforged.neoforge.common.NeoForgeMod/NEOFORGE-MOD]: NeoForge mod loading, version 26.1.2.71, for MC 26.1.2
[02Sep2026 14:53:45.377] [Render thread/INFO] [com.mojang.authlib.yggdrasil.YggdrasilAuthenticationService/]: Environment: Environment[sessionHost=https://sessionserver.mojang.com, servicesHost=https://api.minecraftservices.com, profilesHost=https://api.mojang.com, name=PROD]
[02Sep2026 14:53:45.417] [Render thread/INFO] [net.minecraft.client.Minecraft/]: Setting user: Dev
[02Sep2026 14:53:45.549] [Render thread/INFO] [net.minecraft.client.Minecraft/]: Backend library: LWJGL version 3.4.1+2
[02Sep2026 14:53:45.756] [Render thread/INFO] [net.minecraft.client.Minecraft/]: Using optional rendering extensions: GL_ARB_buffer_storage, GL_KHR_debug, GL_ARB_vertex_attrib_binding, GL_ARB_direct_state_access, GL_EXT_texture_filter_anisotropic
[02Sep2026 14:53:47.174] [Render thread/INFO] [net.minecraft.server.packs.resources.ReloadableResourceManager/]: Reloading ResourceManager: vanilla, mod_resources, mod/neoforge, mod/the_middle_ages
[02Sep2026 14:53:47.927] [resourceLoad/INFO] [net.minecraft.client.gui.font.providers.UnihexProvider/]: Found unifont_all_no_pua-17.0.01.hex, loading
[02Sep2026 14:53:47.928] [resourceLoad/INFO] [net.minecraft.client.gui.font.providers.UnihexProvider/]: Found unifont_pua-17.0.01.hex, loading
[02Sep2026 14:53:48.275] [resourceLoad/INFO] [net.minecraft.client.gui.font.providers.UnihexProvider/]: Found unifont_jp_patch-17.0.01.hex, loading
[02Sep2026 14:53:49.098] [resourceLoad/WARN] [net.minecraft.client.resources.model.ModelDiscovery/]: Missing block model: the_middle_ages:item/leather_cloths_helmet
[02Sep2026 14:53:49.099] [resourceLoad/WARN] [net.minecraft.client.resources.model.ModelDiscovery/]: Missing block model: the_middle_ages:item/sit_spawn_egg
[02Sep2026 14:53:49.099] [resourceLoad/WARN] [net.minecraft.client.resources.model.ModelDiscovery/]: Missing block model: the_middle_ages:item/crown_leggings
[02Sep2026 14:53:49.100] [resourceLoad/WARN] [net.minecraft.client.resources.model.ModelDiscovery/]: Missing block model: the_middle_ages:item/passenger_cart_riding_spawn_egg
[02Sep2026 14:53:49.100] [resourceLoad/WARN] [net.minecraft.client.resources.model.ModelDiscovery/]: Missing block model: the_middle_ages:item/entity_path_finder_spawn_egg
[02Sep2026 14:53:49.100] [resourceLoad/WARN] [net.minecraft.client.resources.model.ModelDiscovery/]: Missing block model: the_middle_ages:item/knight_riding_horse_spawn_egg
[02Sep2026 14:53:49.101] [resourceLoad/WARN] [net.minecraft.client.resources.model.ModelDiscovery/]: Missing block model: the_middle_ages:item/crown_chestplate
[02Sep2026 14:53:49.101] [resourceLoad/WARN] [net.minecraft.client.resources.model.ModelDiscovery/]: Missing block model: the_middle_ages:item/crown_boots
[02Sep2026 14:53:50.619] [Render thread/INFO] [com.mojang.blaze3d.audio.Library/]: OpenAL initialized on device OpenAL Soft on Speakers (High Definition Audio Device)
[02Sep2026 14:53:50.623] [Render thread/INFO] [net.minecraft.client.sounds.SoundEngine/SOUNDS]: Sound engine started
[02Sep2026 14:53:50.624] [Render thread/INFO] [net.minecraft.client.renderer.texture.TextureAtlas/]: Created: 512x256x0 minecraft:textures/atlas/particles.png-atlas
[02Sep2026 14:53:50.648] [Render thread/INFO] [net.minecraft.client.renderer.texture.TextureAtlas/]: Created: 128x128x0 minecraft:textures/atlas/decorated_pot.png-atlas
[02Sep2026 14:53:50.649] [Render thread/INFO] [net.minecraft.client.renderer.texture.TextureAtlas/]: Created: 2048x1024x0 minecraft:textures/atlas/armor_trims.png-atlas
[02Sep2026 14:53:50.674] [Render thread/INFO] [net.minecraft.client.renderer.texture.TextureAtlas/]: Created: 512x256x0 minecraft:textures/atlas/paintings.png-atlas
[02Sep2026 14:53:50.676] [Render thread/INFO] [net.minecraft.client.renderer.texture.TextureAtlas/]: Created: 1024x512x0 minecraft:textures/atlas/shield_patterns.png-atlas
[02Sep2026 14:53:50.678] [Render thread/INFO] [net.minecraft.client.renderer.texture.TextureAtlas/]: Created: 4096x4096x2 minecraft:textures/atlas/blocks.png-atlas
[02Sep2026 14:53:50.785] [Render thread/INFO] [net.minecraft.client.renderer.texture.TextureAtlas/]: Created: 512x512x0 minecraft:textures/atlas/chest.png-atlas
[02Sep2026 14:53:50.786] [Render thread/INFO] [net.minecraft.client.renderer.texture.TextureAtlas/]: Created: 256x128x0 minecraft:textures/atlas/celestials.png-atlas
[02Sep2026 14:53:50.786] [Render thread/INFO] [net.minecraft.client.renderer.texture.TextureAtlas/]: Created: 1024x512x0 minecraft:textures/atlas/banner_patterns.png-atlas
[02Sep2026 14:53:50.788] [Render thread/INFO] [net.minecraft.client.renderer.texture.TextureAtlas/]: Created: 512x512x0 minecraft:textures/atlas/beds.png-atlas
[02Sep2026 14:53:50.789] [Render thread/INFO] [net.minecraft.client.renderer.texture.TextureAtlas/]: Created: 1024x512x0 minecraft:textures/atlas/items.png-atlas
[02Sep2026 14:53:50.806] [Render thread/INFO] [net.minecraft.client.renderer.texture.TextureAtlas/]: Created: 1024x1024x0 minecraft:textures/atlas/gui.png-atlas
[02Sep2026 14:53:50.825] [Render thread/INFO] [net.minecraft.client.renderer.texture.TextureAtlas/]: Created: 128x64x0 minecraft:textures/atlas/map_decorations.png-atlas
[02Sep2026 14:53:50.827] [Render thread/INFO] [net.minecraft.client.renderer.texture.TextureAtlas/]: Created: 512x256x0 minecraft:textures/atlas/signs.png-atlas
[02Sep2026 14:53:50.828] [Render thread/INFO] [net.minecraft.client.renderer.texture.TextureAtlas/]: Created: 512x512x0 minecraft:textures/atlas/shulker_boxes.png-atlas
[02Sep2026 14:53:50.996] [Render thread/INFO] [net.neoforged.neoforge.client.entity.animation.json.AnimationLoader/]: Loaded 0 entity animations
[02Sep2026 14:53:56.961] [Worker-Main-5/ERROR] [net.minecraft.server.packs.resources.SimpleJsonResourceReloadListener/]: Couldn't parse data file 'the_middle_ages:recipes/medieval_bed_recipe' from 'the_middle_ages:advancement/recipes/medieval_bed_recipe.json': DataResult.Error['Missing tag: 'the_middle_ages:beds' in 'minecraft:item' missed input: {"has_ingredient_2":{"conditions":{"items":[{"items":"#the_middle_ages:beds"}]},"trigger":"minecraft:inventory_changed"}}': Optional[Advancement[parent=Optional[minecraft:recipes/root], display=Optional.empty, rewards=AdvancementRewards[experience=0, loot=[], recipes=[ResourceKey[minecraft:recipe / the_middle_ages:medieval_bed_recipe]], function=Optional.empty], criteria={has_the_recipe=Criterion[trigger=net.minecraft.advancements.criterion.RecipeUnlockedTrigger@1a415452, triggerInstance=TriggerInstance[player=Optional.empty, recipe=ResourceKey[minecraft:recipe / the_middle_ages:medieval_bed_recipe]]], has_ingredient_1=Criterion[trigger=net.minecraft.advancements.criterion.InventoryChangeTrigger@340c607a, triggerInstance=TriggerInstance[player=Optional.empty, slots=Slots[occupied=Ints[bounds=Bounds[min=Optional.empty, max=Optional.empty], boundsSqr=Bounds[min=Optional.empty, max=Optional.empty]], full=Ints[bounds=Bounds[min=Optional.empty, max=Optional.empty], boundsSqr=Bounds[min=Optional.empty, max=Optional.empty]], empty=Ints[bounds=Bounds[min=Optional.empty, max=Optional.empty], boundsSqr=Bounds[min=Optional.empty, max=Optional.empty]]], items=[ItemPredicate[items=Optional[NamedSet(TagKey[minecraft:item / minecraft:wool])[null]], count=Ints[bounds=Bounds[min=Optional.empty, max=Optional.empty], boundsSqr=Bounds[min=Optional.empty, max=Optional.empty]], components=DataComponentMatchers[exact=[], partial={}]]]]], has_ingredient_0=Criterion[trigger=net.minecraft.advancements.criterion.InventoryChangeTrigger@340c607a, triggerInstance=TriggerInstance[player=Optional.empty, slots=Slots[occupied=Ints[bounds=Bounds[min=Optional.empty, max=Optional.empty], boundsSqr=Bounds[min=Optional.empty, max=Optional.empty]], full=Ints[bounds=Bounds[min=Optional.empty, max=Optional.empty], boundsSqr=Bounds[min=Optional.empty, max=Optional.empty]], empty=Ints[bounds=Bounds[min=Optional.empty, max=Optional.empty], boundsSqr=Bounds[min=Optional.empty, max=Optional.empty]]], items=[ItemPredicate[items=Optional[NamedSet(TagKey[minecraft:item / minecraft:planks])[null]], count=Ints[bounds=Bounds[min=Optional.empty, max=Optional.empty], boundsSqr=Bounds[min=Optional.empty, max=Optional.empty]], components=DataComponentMatchers[exact=[], partial={}]]]]], has_ingredient_2=Criterion[trigger=net.minecraft.advancements.criterion.InventoryChangeTrigger@340c607a, triggerInstance=TriggerInstance[player=Optional.empty, slots=Slots[occupied=Ints[bounds=Bounds[min=Optional.empty, max=Optional.empty], boundsSqr=Bounds[min=Optional.empty, max=Optional.empty]], full=Ints[bounds=Bounds[min=Optional.empty, max=Optional.empty], boundsSqr=Bounds[min=Optional.empty, max=Optional.empty]], empty=Ints[bounds=Bounds[min=Optional.empty, max=Optional.empty], boundsSqr=Bounds[min=Optional.empty, max=Optional.empty]]], items=[ItemPredicate[items=Optional.empty, count=Ints[bounds=Bounds[min=Optional.empty, max=Optional.empty], boundsSqr=Bounds[min=Optional.empty, max=Optional.empty]], components=DataComponentMatchers[exact=[], partial={}]]]]]}, requirements=[[has_the_recipe, has_ingredient_0, has_ingredient_1, has_ingredient_2]], sendsTelemetryEvent=false, name=Optional.empty]]]
[02Sep2026 14:53:57.016] [Render thread/INFO] [net.minecraft.world.item.crafting.RecipeManager/]: Loaded 1547 recipes
[02Sep2026 14:53:57.035] [Render thread/INFO] [net.minecraft.advancements.AdvancementTree/]: Loaded 1648 advancements
[02Sep2026 14:53:57.038] [Render thread/INFO] [net.neoforged.neoforge.common.crafting.RecipePriorityManager/]: Loaded 0 recipe priority overrides
[02Sep2026 14:53:57.336] [Server thread/INFO] [net.minecraft.client.server.IntegratedServer/]: Starting integrated minecraft server version 26.1.2
[02Sep2026 14:53:57.337] [Server thread/INFO] [net.minecraft.server.MinecraftServer/]: Generating keypair
[02Sep2026 14:53:57.934] [Server thread/INFO] [net.minecraft.server.level.progress.LoggingLevelLoadListener/]: Loading 25 persistent chunks...
[02Sep2026 14:53:57.935] [Server thread/INFO] [net.minecraft.server.level.progress.LoggingLevelLoadListener/]: Preparing spawn area: 11%
[02Sep2026 14:53:58.205] [Server thread/INFO] [net.minecraft.server.MinecraftServer/]: Saving chunks for level 'ServerLevel[New World]'/minecraft:overworld
[02Sep2026 14:53:58.304] [Server thread/INFO] [net.minecraft.server.MinecraftServer/]: Saving chunks for level 'ServerLevel[New World]'/minecraft:the_nether
[02Sep2026 14:53:58.364] [Server thread/INFO] [net.minecraft.server.MinecraftServer/]: Saving chunks for level 'ServerLevel[New World]'/the_middle_ages:medieval_dimension
[02Sep2026 14:53:58.731] [Server thread/INFO] [net.minecraft.server.MinecraftServer/]: Saving chunks for level 'ServerLevel[New World]'/minecraft:the_end
[02Sep2026 14:53:58.894] [Server thread/INFO] [net.minecraft.server.MinecraftServer/]: ThreadedAnvilChunkStorage (world): All chunks are saved
[02Sep2026 14:53:58.894] [Server thread/INFO] [net.minecraft.server.MinecraftServer/]: ThreadedAnvilChunkStorage (DIM-1): All chunks are saved
[02Sep2026 14:53:58.894] [Server thread/INFO] [net.minecraft.server.MinecraftServer/]: ThreadedAnvilChunkStorage (medieval_dimension): All chunks are saved
[02Sep2026 14:53:58.894] [Server thread/INFO] [net.minecraft.server.MinecraftServer/]: ThreadedAnvilChunkStorage (DIM1): All chunks are saved
[02Sep2026 14:53:58.895] [Server thread/INFO] [net.minecraft.server.MinecraftServer/]: ThreadedAnvilChunkStorage: All dimensions are saved
[02Sep2026 14:53:58.903] [Server thread/INFO] [net.neoforged.neoforge.server.permission.PermissionAPI/]: Successfully initialized permission handler neoforge:default_handler
[02Sep2026 14:53:59.435] [Server thread/INFO] [net.minecraft.server.level.progress.LoggingLevelLoadListener/]: Loading 49 chunks for player spawn...
[02Sep2026 14:53:59.435] [Server thread/INFO] [net.minecraft.server.level.progress.LoggingLevelLoadListener/]: Preparing spawn area: 41%
[02Sep2026 14:53:59.478] [Server thread/INFO] [net.minecraft.server.level.progress.LoggingLevelLoadListener/]: Preparing spawn area: 44%
[02Sep2026 14:53:59.526] [Server thread/INFO] [net.minecraft.server.level.progress.LoggingLevelLoadListener/]: Preparing spawn area: 71%
[02Sep2026 14:53:59.853] [Server thread/INFO] [net.minecraft.server.level.progress.LoggingLevelLoadListener/]: Time elapsed: 1919 ms
[02Sep2026 14:54:00.306] [Server thread/INFO] [net.minecraft.server.players.PlayerList/]: Dev[local:E:21e38699] logged in with entity id 5 at (426.304103736285, 88.35000004768372, -3.290558318088423)
[02Sep2026 14:54:00.395] [Server thread/INFO] [net.minecraft.server.MinecraftServer/]: Dev joined the game
[02Sep2026 14:54:00.562] [Render thread/WARN] [net.minecraft.client.multiplayer.ClientPacketListener/]: Ignoring chat session from Dev due to missing Services public key
[02Sep2026 14:54:00.566] [Render thread/WARN] [net.minecraft.client.multiplayer.ClientPacketListener/]: Received passengers for unknown entity
[02Sep2026 14:54:00.597] [Server thread/INFO] [net.minecraft.client.server.IntegratedServer/]: Changing view distance to 2, from 10
[02Sep2026 14:54:00.601] [Server thread/INFO] [net.minecraft.client.server.IntegratedServer/]: Changing simulation distance to 5, from 0
[02Sep2026 14:54:00.617] [Render thread/INFO] [net.minecraft.client.renderer.DynamicUniformStorage/]: Resizing Dynamic Transforms UBO, capacity limit of 2 reached during a single frame. New capacity will be 4.
[02Sep2026 14:54:00.660] [Render thread/INFO] [net.minecraft.advancements.AdvancementTree/]: Loaded 11 advancements
[02Sep2026 14:54:00.851] [Render thread/INFO] [net.minecraft.client.renderer.DynamicUniformStorage/]: Resizing Dynamic Transforms UBO, capacity limit of 4 reached during a single frame. New capacity will be 8.
[02Sep2026 14:54:01.325] [Render thread/INFO] [net.minecraft.client.renderer.DynamicUniformStorage/]: Resizing Chunk Sections UBO, capacity limit of 2 reached during a single frame. New capacity will be 4.
[02Sep2026 14:54:01.437] [Render thread/INFO] [net.minecraft.client.renderer.DynamicUniformStorage/]: Resizing Chunk Sections UBO, capacity limit of 4 reached during a single frame. New capacity will be 16.
[02Sep2026 14:54:02.398] [Render thread/INFO] [net.minecraft.client.renderer.DynamicUniformStorage/]: Resizing Chunk Sections UBO, capacity limit of 16 reached during a single frame. New capacity will be 32.
[02Sep2026 14:54:02.452] [Render thread/INFO] [net.minecraft.client.renderer.DynamicUniformStorage/]: Resizing Chunk Sections UBO, capacity limit of 32 reached during a single frame. New capacity will be 64.
[02Sep2026 14:54:26.754] [Server thread/INFO] [net.minecraft.client.server.IntegratedServer/]: Saving and pausing game...
[02Sep2026 14:54:26.860] [Server thread/INFO] [net.minecraft.server.MinecraftServer/]: Saving chunks for level 'ServerLevel[New World]'/minecraft:overworld
[02Sep2026 14:54:26.875] [Server thread/INFO] [net.minecraft.server.MinecraftServer/]: Saving chunks for level 'ServerLevel[New World]'/minecraft:the_nether
[02Sep2026 14:54:26.875] [Server thread/INFO] [net.minecraft.server.MinecraftServer/]: Saving chunks for level 'ServerLevel[New World]'/the_middle_ages:medieval_dimension
[02Sep2026 14:54:26.888] [Server thread/INFO] [net.minecraft.server.MinecraftServer/]: Saving chunks for level 'ServerLevel[New World]'/minecraft:the_end
[02Sep2026 14:54:28.346] [Render thread/INFO] [net.minecraft.client.Minecraft/]: Stopping!
[02Sep2026 14:54:28.355] [Server thread/INFO] [net.minecraft.server.MinecraftServer/]: Stopping server
[02Sep2026 14:54:28.355] [Server thread/INFO] [net.minecraft.server.MinecraftServer/]: Saving players
[02Sep2026 14:54:28.385] [Server thread/INFO] [net.minecraft.server.network.ServerGamePacketListenerImpl/]: Dev lost connection: Disconnected
[02Sep2026 14:54:28.385] [Server thread/INFO] [net.minecraft.server.MinecraftServer/]: Dev left the game
[02Sep2026 14:54:28.430] [Server thread/INFO] [net.minecraft.server.network.ServerCommonPacketListenerImpl/]: Stopping singleplayer server as player logged out
[02Sep2026 14:54:28.430] [Server thread/INFO] [net.minecraft.server.MinecraftServer/]: Saving worlds
[02Sep2026 14:54:28.591] [Server thread/INFO] [net.minecraft.server.MinecraftServer/]: Saving chunks for level 'ServerLevel[New World]'/minecraft:overworld
[02Sep2026 14:54:28.853] [Server thread/INFO] [net.minecraft.server.MinecraftServer/]: Saving chunks for level 'ServerLevel[New World]'/minecraft:the_nether
[02Sep2026 14:54:29.031] [Server thread/INFO] [net.minecraft.server.MinecraftServer/]: Saving chunks for level 'ServerLevel[New World]'/the_middle_ages:medieval_dimension
[02Sep2026 14:54:29.842] [Server thread/INFO] [net.minecraft.server.MinecraftServer/]: Saving chunks for level 'ServerLevel[New World]'/minecraft:the_end
[02Sep2026 14:54:30.019] [Server thread/INFO] [net.minecraft.server.MinecraftServer/]: ThreadedAnvilChunkStorage (world): All chunks are saved
[02Sep2026 14:54:30.019] [Server thread/INFO] [net.minecraft.server.MinecraftServer/]: ThreadedAnvilChunkStorage (DIM-1): All chunks are saved
[02Sep2026 14:54:30.019] [Server thread/INFO] [net.minecraft.server.MinecraftServer/]: ThreadedAnvilChunkStorage (medieval_dimension): All chunks are saved
[02Sep2026 14:54:30.019] [Server thread/INFO] [net.minecraft.server.MinecraftServer/]: ThreadedAnvilChunkStorage (DIM1): All chunks are saved
[02Sep2026 14:54:30.019] [Server thread/INFO] [net.minecraft.server.MinecraftServer/]: ThreadedAnvilChunkStorage: All dimensions are saved
